// Jest Snapshot v1, https://goo.gl/fbAQLP

exports[`Test scenarios for <Footer/> component should match with the existing snapshot 1`] = `
<footer
  className="Footer-footer-1"
>
  <p
    className="MuiTypography-root-2 MuiTypography-body1-11 MuiTypography-noWrap-28"
  >
    <span>
      WSO2 APIM v3.0.0 | Â© 2019 WSO2 Inc
    </span>
  </p>
</footer>
`;
